2026-04-18 18:26:25 | api.mintrud_api | ERROR | Критическая ошибка запроса стр. 1: ('Connection aborted.', ConnectionResetError(10054, 'Удаленный хост принудительно разорвал существующее подключение', None, 10054, None))
2026-04-18 18:27:25 | api.mintrud_api | ERROR | Критическая ошибка запроса стр. 1: ('Connection aborted.', ConnectionResetError(10054, 'Удаленный хост принудительно разорвал существующее подключение', None, 10054, None))
2026-04-18 18:27:48 | api.mintrud_api | ERROR | Критическая ошибка запроса стр. 1: ('Connection aborted.', ConnectionResetError(10054, 'Удаленный хост принудительно разорвал существующее подключение', None, 10054, None))
2026-04-18 18:28:12 | api.mintrud_api | ERROR | Критическая ошибка запроса стр. 1: ('Connection aborted.', ConnectionResetError(10054, 'Удаленный хост принудительно разорвал существующее подключение', None, 10054, None))
2026-04-18 18:31:28 | api.mintrud_api | ERROR | Критическая ошибка запроса стр. 1: ('Connection aborted.', ConnectionResetError(10054, 'Удаленный хост принудительно разорвал существующее подключение', None, 10054, None))
2026-04-18 18:40:50 | exporters.protocol_exporter | ERROR | Ошибка экспорта протокола из журнала: 'JournalRecord' object has no attribute 'result'
Traceback (most recent call last):
  File "d:\PythonProject\Excel_to_XML\exporters\protocol_exporter.py", line 254, in export_protocol
    'result': record.result,
              ^^^^^^^^^^^^^
AttributeError: 'JournalRecord' object has no attribute 'result'
2026-04-18 18:42:04 | exporters.protocol_exporter | ERROR | Ошибка экспорта протокола из журнала: 'JournalRecord' object has no attribute 'result'
Traceback (most recent call last):
  File "d:\PythonProject\Excel_to_XML\exporters\protocol_exporter.py", line 254, in export_protocol
    'result': record.result,
              ^^^^^^^^^^^^^
AttributeError: 'JournalRecord' object has no attribute 'result'
2026-04-18 19:05:05 | exporters.protocol_exporter | ERROR | Ошибка экспорта протокола из журнала: 'JournalRecord' object has no attribute 'result'
Traceback (most recent call last):
  File "d:\PythonProject\Excel_to_XML\exporters\protocol_exporter.py", line 278, in export_protocol
    'result': record.result,
              ^^^^^^^^^^^^^
AttributeError: 'JournalRecord' object has no attribute 'result'
2026-04-18 19:08:27 | exporters.protocol_exporter | ERROR | Ошибка экспорта протокола из журнала: 'JournalRecord' object has no attribute 'result'
Traceback (most recent call last):
  File "d:\PythonProject\Excel_to_XML\exporters\protocol_exporter.py", line 278, in export_protocol
    'result': record.result,
              ^^^^^^^^^^^^^
AttributeError: 'JournalRecord' object has no attribute 'result'
2026-04-18 19:08:56 | exporters.protocol_exporter | ERROR | Ошибка экспорта протокола из журнала: 'JournalRecord' object has no attribute 'result'
Traceback (most recent call last):
  File "d:\PythonProject\Excel_to_XML\exporters\protocol_exporter.py", line 278, in export_protocol
    'result': record.result,
              ^^^^^^^^^^^^^
AttributeError: 'JournalRecord' object has no attribute 'result'
2026-04-18 19:11:13 | exporters.protocol_exporter | ERROR | Ошибка экспорта протокола из журнала: 'JournalRecord' object has no attribute 'result'
Traceback (most recent call last):
  File "d:\PythonProject\Excel_to_XML\exporters\protocol_exporter.py", line 278, in export_protocol
    'result': record.result,
              ^^^^^^^^^^^^^
AttributeError: 'JournalRecord' object has no attribute 'result'
2026-04-18 19:21:28 | exporters.protocol_exporter | ERROR | Ошибка экспорта протокола из журнала: 'JournalRecord' object has no attribute 'result'
Traceback (most recent call last):
  File "d:\PythonProject\Excel_to_XML\exporters\protocol_exporter.py", line 312, in export_protocol
    'result': record.result,
              ^^^^^^^^^^^^^
AttributeError: 'JournalRecord' object has no attribute 'result'
2026-04-18 20:20:34 | exporters.protocol_exporter | ERROR | Ошибка экспорта протокола из журнала: 'JournalRecord' object has no attribute 'result'
Traceback (most recent call last):
  File "d:\PythonProject\Excel_to_XML\exporters\protocol_exporter.py", line 316, in export_protocol
    'result': record.result,
              ^^^^^^^^^^^^^
AttributeError: 'JournalRecord' object has no attribute 'result'
2026-04-18 20:20:44 | exporters.protocol_exporter | ERROR | Ошибка экспорта протокола из журнала: 'JournalRecord' object has no attribute 'result'
Traceback (most recent call last):
  File "d:\PythonProject\Excel_to_XML\exporters\protocol_exporter.py", line 316, in export_protocol
    'result': record.result,
              ^^^^^^^^^^^^^
AttributeError: 'JournalRecord' object has no attribute 'result'
2026-04-18 21:27:34 | exporters.protocol_exporter | ERROR | Ошибка экспорта протокола из журнала: 'JournalRecord' object has no attribute 'program'
Traceback (most recent call last):
  File "d:\PythonProject\Excel_to_XML\exporters\protocol_exporter.py", line 317, in export_protocol
    'program': record.program,
               ^^^^^^^^^^^^^^
AttributeError: 'JournalRecord' object has no attribute 'program'. Did you mean: 'program_id'?
2026-04-18 22:19:47 | exporters.protocol_exporter | ERROR | Ошибка генерации протокола: [Errno 13] Permission denied: 'C:/Users/Denis/Desktop/Протокол_2.docx'
Traceback (most recent call last):
  File "d:\PythonProject\Excel_to_XML\exporters\protocol_exporter.py", line 57, in generate_from_commission
    doc.save(output_path)
  File "C:\Users\Denis\AppData\Local\Programs\Python\Python312\Lib\site-packages\docx\document.py", line 204, in save
    self._part.save(path_or_stream)
  File "C:\Users\Denis\AppData\Local\Programs\Python\Python312\Lib\site-packages\docx\parts\document.py", line 114, in save
    self.package.save(path_or_stream)
  File "C:\Users\Denis\AppData\Local\Programs\Python\Python312\Lib\site-packages\docx\opc\package.py", line 166, in save
    PackageWriter.write(pkg_file, self.rels, self.parts)
  File "C:\Users\Denis\AppData\Local\Programs\Python\Python312\Lib\site-packages\docx\opc\pkgwriter.py", line 34, in write
    phys_writer = PhysPkgWriter(pkg_file)
                  ^^^^^^^^^^^^^^^^^^^^^^^
  File "C:\Users\Denis\AppData\Local\Programs\Python\Python312\Lib\site-packages\docx\opc\phys_pkg.py", line 109, in __init__
    self._zipf = ZipFile(pkg_file, "w", compression=ZIP_DEFLATED)
                 ^^^^^^^^^^^^^^^^^^^^^^^^^^^^^^^^^^^^^^^^^^^^^^^^
  File "C:\Users\Denis\AppData\Local\Programs\Python\Python312\Lib\zipfile\__init__.py", line 1336, in __init__
    self.fp = io.open(file, filemode)
              ^^^^^^^^^^^^^^^^^^^^^^^
PermissionError: [Errno 13] Permission denied: 'C:/Users/Denis/Desktop/Протокол_2.docx'
2026-04-18 22:53:55 | exporters.protocol_exporter | ERROR | Ошибка генерации протокола: 3
Traceback (most recent call last):
  File "d:\PythonProject\Excel_to_XML\exporters\protocol_exporter.py", line 52, in generate_from_commission
    ProtocolExporter._fill_commission_data(doc, commission_data, protocol_number, programs_manager, worker_records)
  File "d:\PythonProject\Excel_to_XML\exporters\protocol_exporter.py", line 86, in _fill_commission_data
    base_no = all_programs[i].get('base_no', '')
              ~~~~~~~~~~~~^^^
KeyError: 3
2026-04-18 22:54:06 | exporters.protocol_exporter | ERROR | Ошибка генерации протокола: 2
Traceback (most recent call last):
  File "d:\PythonProject\Excel_to_XML\exporters\protocol_exporter.py", line 52, in generate_from_commission
    ProtocolExporter._fill_commission_data(doc, commission_data, protocol_number, programs_manager, worker_records)
  File "d:\PythonProject\Excel_to_XML\exporters\protocol_exporter.py", line 86, in _fill_commission_data
    base_no = all_programs[i].get('base_no', '')
              ~~~~~~~~~~~~^^^
KeyError: 2
2026-04-18 22:54:58 | exporters.protocol_exporter | ERROR | Ошибка генерации протокола: 3
Traceback (most recent call last):
  File "d:\PythonProject\Excel_to_XML\exporters\protocol_exporter.py", line 52, in generate_from_commission
    ProtocolExporter._fill_commission_data(doc, commission_data, protocol_number, programs_manager, worker_records)
  File "d:\PythonProject\Excel_to_XML\exporters\protocol_exporter.py", line 86, in _fill_commission_data
    base_no = all_programs[i].get('base_no', '')
              ~~~~~~~~~~~~^^^
KeyError: 3
2026-04-18 22:56:01 | exporters.protocol_exporter | ERROR | Ошибка генерации протокола: 3
Traceback (most recent call last):
  File "d:\PythonProject\Excel_to_XML\exporters\protocol_exporter.py", line 52, in generate_from_commission
    ProtocolExporter._fill_commission_data(doc, commission_data, protocol_number, programs_manager, worker_records)
  File "d:\PythonProject\Excel_to_XML\exporters\protocol_exporter.py", line 86, in _fill_commission_data
    base_no = all_programs[i].get('base_no', '')
              ~~~~~~~~~~~~^^^
KeyError: 3
2026-04-18 22:56:11 | exporters.protocol_exporter | ERROR | Ошибка генерации протокола: 2
Traceback (most recent call last):
  File "d:\PythonProject\Excel_to_XML\exporters\protocol_exporter.py", line 52, in generate_from_commission
    ProtocolExporter._fill_commission_data(doc, commission_data, protocol_number, programs_manager, worker_records)
  File "d:\PythonProject\Excel_to_XML\exporters\protocol_exporter.py", line 86, in _fill_commission_data
    base_no = all_programs[i].get('base_no', '')
              ~~~~~~~~~~~~^^^
KeyError: 2
2026-04-18 22:57:40 | exporters.protocol_exporter | ERROR | Ошибка генерации протокола: 3
Traceback (most recent call last):
  File "d:\PythonProject\Excel_to_XML\exporters\protocol_exporter.py", line 52, in generate_from_commission
    ProtocolExporter._fill_commission_data(doc, commission_data, protocol_number, programs_manager, worker_records)
  File "d:\PythonProject\Excel_to_XML\exporters\protocol_exporter.py", line 86, in _fill_commission_data
    base_no = all_programs[i].get('base_no', '')
              ~~~~~~~~~~~~^^^
KeyError: 3
2026-04-18 22:58:37 | exporters.protocol_exporter | ERROR | Ошибка генерации протокола: 3
Traceback (most recent call last):
  File "d:\PythonProject\Excel_to_XML\exporters\protocol_exporter.py", line 52, in generate_from_commission
    ProtocolExporter._fill_commission_data(doc, commission_data, protocol_number, programs_manager, worker_records)
  File "d:\PythonProject\Excel_to_XML\exporters\protocol_exporter.py", line 86, in _fill_commission_data
    base_no = all_programs[i].get('base_no', '')
              ~~~~~~~~~~~~^^^
KeyError: 3
2026-04-18 22:59:58 | exporters.protocol_exporter | ERROR | Ошибка генерации протокола: 3
Traceback (most recent call last):
  File "d:\PythonProject\Excel_to_XML\exporters\protocol_exporter.py", line 52, in generate_from_commission
    ProtocolExporter._fill_commission_data(doc, commission_data, protocol_number, programs_manager, worker_records)
  File "d:\PythonProject\Excel_to_XML\exporters\protocol_exporter.py", line 86, in _fill_commission_data
    base_no = all_programs[i].get('base_no', '')
              ~~~~~~~~~~~~^^^
KeyError: 3
2026-04-18 23:00:42 | exporters.protocol_exporter | ERROR | Ошибка генерации протокола: 3
Traceback (most recent call last):
  File "d:\PythonProject\Excel_to_XML\exporters\protocol_exporter.py", line 52, in generate_from_commission
    ProtocolExporter._fill_commission_data(doc, commission_data, protocol_number, programs_manager, worker_records)
  File "d:\PythonProject\Excel_to_XML\exporters\protocol_exporter.py", line 86, in _fill_commission_data
    base_no = all_programs[i].get('base_no', '')
              ~~~~~~~~~~~~^^^
KeyError: 3
2026-04-18 23:02:31 | exporters.protocol_exporter | ERROR | Ошибка генерации протокола: 3
Traceback (most recent call last):
  File "d:\PythonProject\Excel_to_XML\exporters\protocol_exporter.py", line 52, in generate_from_commission
    ProtocolExporter._fill_commission_data(doc, commission_data, protocol_number, programs_manager, worker_records)
  File "d:\PythonProject\Excel_to_XML\exporters\protocol_exporter.py", line 86, in _fill_commission_data
    base_no = all_programs[i].get('base_no', '')
              ~~~~~~~~~~~~^^^
KeyError: 3
2026-04-18 23:03:04 | exporters.protocol_exporter | ERROR | Ошибка генерации протокола: 3
Traceback (most recent call last):
  File "d:\PythonProject\Excel_to_XML\exporters\protocol_exporter.py", line 52, in generate_from_commission
    ProtocolExporter._fill_commission_data(doc, commission_data, protocol_number, programs_manager, worker_records)
  File "d:\PythonProject\Excel_to_XML\exporters\protocol_exporter.py", line 86, in _fill_commission_data
    base_no = all_programs[i].get('base_no', '')
              ~~~~~~~~~~~~^^^
KeyError: 3
2026-04-19 17:38:48 | exporters.protocol_exporter | ERROR | Ошибка генерации протокола: 3
Traceback (most recent call last):
  File "d:\PythonProject\Excel_to_XML\exporters\protocol_exporter.py", line 53, in generate_from_commission
    ProtocolExporter._fill_commission_data(doc, commission_data, protocol_number, programs_manager, worker_records)
  File "d:\PythonProject\Excel_to_XML\exporters\protocol_exporter.py", line 96, in _fill_commission_data
    base_no = all_programs[i].get('base_no', '')
              ~~~~~~~~~~~~^^^
KeyError: 3
Traceback (most recent call last):
  File "d:\PythonProject\Excel_to_XML\exporters\protocol_exporter.py", line 53, in generate_from_commission
    ProtocolExporter._fill_commission_data(doc, commission_data, protocol_number, programs_manager, worker_records)
  File "d:\PythonProject\Excel_to_XML\exporters\protocol_exporter.py", line 96, in _fill_commission_data
    base_no = all_programs[i].get('base_no', '')
              ~~~~~~~~~~~~^^^
KeyError: 3
2026-04-19 19:25:54 | exporters.protocol_exporter | ERROR | Ошибка генерации протокола: name 'grouped_workers' is not defined
Traceback (most recent call last):
  File "d:\PythonProject\Excel_to_XML\exporters\protocol_exporter.py", line 53, in generate_from_commission
    ProtocolExporter._fill_commission_data(doc, commission_data, protocol_number, programs_manager, worker_records)
  File "d:\PythonProject\Excel_to_XML\exporters\protocol_exporter.py", line 218, in _fill_commission_data
    if grouped_workers and len(grouped_workers) > 1:
       ^^^^^^^^^^^^^^^
NameError: name 'grouped_workers' is not defined
Traceback (most recent call last):
  File "d:\PythonProject\Excel_to_XML\exporters\protocol_exporter.py", line 53, in generate_from_commission
    ProtocolExporter._fill_commission_data(doc, commission_data, protocol_number, programs_manager, worker_records)
  File "d:\PythonProject\Excel_to_XML\exporters\protocol_exporter.py", line 218, in _fill_commission_data
    if grouped_workers and len(grouped_workers) > 1:
       ^^^^^^^^^^^^^^^
NameError: name 'grouped_workers' is not defined
2026-04-20 21:41:06 | importers.xlsx_importer | ERROR | Ошибка загрузки файла C:/Users/Denis/Desktop/Шаблон 2026/Шаблон 2026.xlsx: load_workbook() got an unexpected keyword argument 'password'
2026-04-20 21:42:38 | importers.xlsx_importer | ERROR | Ошибка загрузки файла C:/Users/Denis/Desktop/Шаблон 2026/Шаблон 2026.xlsx: load_workbook() got an unexpected keyword argument 'password'
2026-04-20 21:42:54 | importers.xlsx_importer | ERROR | Ошибка загрузки файла C:/Users/Denis/Desktop/Шаблон 2026/Шаблон 2026.xlsx: load_workbook() got an unexpected keyword argument 'password'
2026-04-20 21:45:21 | importers.xlsx_importer | ERROR | Ошибка загрузки файла C:/Users/Denis/Desktop/Шаблон 2026/Шаблон 2026.xlsx: load_workbook() got an unexpected keyword argument 'password'
2026-04-20 21:45:23 | importers.xlsx_importer | ERROR | Ошибка загрузки файла C:/Users/Denis/Desktop/Шаблон 2026/Шаблон 2026.xlsx: load_workbook() got an unexpected keyword argument 'password'
2026-04-20 21:50:14 | importers.xlsx_importer | ERROR | Ошибка загрузки файла C:/Users/Denis/Desktop/Шаблон 2026/Шаблон 2026.xlsx: load_workbook() got an unexpected keyword argument 'password'
2026-04-20 21:54:03 | importers.xlsx_importer | ERROR | Ошибка загрузки файла C:/Users/Denis/Desktop/Шаблон 2026/Шаблон 2026.xlsx: load_workbook() got an unexpected keyword argument 'password'
2026-04-20 21:54:15 | importers.xlsx_importer | ERROR | Ошибка загрузки файла C:/Users/Denis/Desktop/Шаблон 2026/Шаблон 2026.xlsx: load_workbook() got an unexpected keyword argument 'password'
2026-04-20 21:57:20 | root | ERROR | Ошибка загрузки xlsx: load_workbook() got an unexpected keyword argument 'password'
2026-04-20 22:00:52 | root | ERROR | Ошибка загрузки xlsx: load_workbook() got an unexpected keyword argument 'password'
2026-04-20 22:03:25 | root | ERROR | Ошибка загрузки xlsx: load_workbook() got an unexpected keyword argument 'password'
2026-04-21 20:42:47 | api.mintrud_api | ERROR | Логическая ошибка: 401 - Не найдена информация по ключу abcdefghijklmnop1234567890abcdef
2026-04-21 20:47:38 | api.mintrud_api | ERROR | Логическая ошибка: 401 - Не найдена информация по ключу abcdefghijklmnop1234567890abcdef
